apis.c:29:13:initDisplayBuffers	4	static
apis.c:38:13:ShowBuffer	0	static
apis.c:49:13:CaptureDrawBuffer	0	static
apis.c:53:13:SetDrawToBackLayer	0	static
apis.c:58:13:ReleaseDrawBuffer	0	static
apis.c:65:9:randomi	0	static
apis.c:70:10:urandomi	0	static
apis.c:76:5:stringcmp	4	static
apis.c:86:6:ChannelAssign	20	static
apis.c:103:6:SetChannelLoop	8	static
apis.c:109:6:PlayChannel	0	static
apis.c:113:6:RePlayChannel	8	static
apis.c:118:6:StopChannel	0	static
apis.c:122:6:SetChannelFrequency	0	static
apis.c:126:6:SetChannelVolume	0	static
apis.c:130:5:GetChannelVolume	0	static
apis.c:135:13:ISRTimerA	0	static
apis.c:146:13:ISRTimerB	0	static
apis.c:157:13:ISRVBL	0	static
apis.c:165:13:ISRHWButtons	0	static
apis.c:178:13:ISRKBInput	0	static
