filerequest.c:29:5:compare_entries	0	static
filerequest.c:88:6:FileRequestFileStringUpdater.part.0	16	static
filerequest.c:88:6:FileRequestFileStringUpdater	0	static
filerequest.c:110:6:FileRequestFileStringInjector	4	static
filerequest.c:134:6:ShowFilesListed	176	static
filerequest.c:42:6:ScrollFileListDirection	8	static
filerequest.c:65:6:FileListedSelect	24	static
filerequest.c:238:6:ShowFileRequest	176	static
filerequest.c:355:6:CloseFileRequest	8	static
filerequest.c:362:9:CheckDirectorySelect	80	static
filerequest.c:382:6:ParentDirectory	8	static
filerequest.c:387:6:SaveKMD	8	static
filerequest.c:396:6:LoadKMD	8	static
