player.c:79:13:getNoteLabel	0	static
player.c:86:6:initNoteLabels	40	static
player.c:129:6:ClearSong	16	static
player.c:200:6:setTempoSpeed	24	static
player.c:210:6:SetupCIATiming	12	static
player.c:217:6:StartTimer	0	static
player.c:221:6:StopTimer	0	static
player.c:225:6:InitSamples	16	static
player.c:262:6:ShowSongLength	8	static
player.c:270:6:ShowSongPosition	8	static
player.c:277:6:ShowCurrentPatternSelect	8	static
player.c:285:6:SetSongPosition	16	static
player.c:297:6:SetCurrentPatternSelect	16	static
player.c:306:6:SetSongLength	16	static
player.c:311:6:updateSongTrackUI	8	static
player.c:326:6:doTrackerTicks	48	static
player.c:409:6:processRow	48	static
player.c:106:6:vblHandler	0	static
player.c:115:6:RestartPlayer	24	static
player.c:193:6:PlayerCIA_ISR	8	static
player.c:36:6:initKFMSong	24	static
player.c:549:6:PlaceNote	8	static
player.c:573:6:PlaceCommand	12	static
player.c:588:6:PlaceParam	16	static
player.c:606:6:PlaceSampleID	16	static
player.c:630:6:PlayNoteKeyDown	56	static
player.c:665:6:ChannelAssignTRKR	16	static
player.c:683:6:ChannelAssignSetVol	0	static
player.c:687:6:ChannelAssignSetFreq	0	static
player.c:692:6:KFMReplayChannel	8	static
