trackerui.c:1904:6:uiFileText	12	static
trackerui.c:1910:6:uiTextDraw	24	static
trackerui.c:1917:6:uiTextDrawNumber	24	static
trackerui.c:1926:6:uiTextDrawNumberU	24	static
trackerui.c:1936:6:uiTextDrawNumber3	24	static
trackerui.c:1945:6:uiDrawBeval	32	static
trackerui.c:2021:6:guiRenderButton.constprop	136	static
trackerui.c:1962:6:uiBevelText	40	static
trackerui.c:1975:6:CreateButton	32	static
trackerui.c:2007:6:guiSetButtonGadgetFlags	0	static
trackerui.c:2014:6:guiClrButtonGadgetFlags	0	static
trackerui.c:2021:6:guiRenderButton	136	static
trackerui.c:2109:6:guRenderButtons	8	static
trackerui.c:2117:6:guClearButtons	4	static
trackerui.c:2133:5:get_event	0	static
trackerui.c:2137:5:getEvents	0	static
trackerui.c:2140:6:clearEvents	0	static
trackerui.c:2144:6:EventTypeClear	0	static
trackerui.c:2148:5:GUIButtonHIT	0	static
trackerui.c:2152:6:HWBUTTISRR	16	static
trackerui.c:2171:5:GUIEvents	16	static
trackerui.c:2208:6:InitStates	0	static
trackerui.c:2212:6:RenderSampleIDEditor	32	static
trackerui.c:2234:6:ShowSampleIDEditor	40	static
trackerui.c:2351:6:RenderPatternPositionEditor	32	static
trackerui.c:2318:6:ShowPatternPositionEditor	32	static
trackerui.c:2478:6:DisableConfigButtons	0	static
trackerui.c:2488:6:DisableButton	0	static
trackerui.c:2494:6:EnableButton	0	static
trackerui.c:2500:6:DisableMainWindowButtons	0	static
trackerui.c:2513:6:EnableMainWindowButtons	8	static
trackerui.c:2399:6:ShowDefaultHomeConfigPage	56	static
trackerui.c:2464:6:ClosePatternPositionEditor	0	static
trackerui.c:2471:6:CloseSampleIDEditor	0	static
trackerui.c:2543:6:RenderSampleIDEdit	24	static
trackerui.c:2560:6:SampleIDEdit_ChangeVolume	0	static
trackerui.c:2578:6:SampleIDEdit_ChangeRepeat	8	static
trackerui.c:2601:6:SampleIDEdit_ChangeSampleLength	16	static
trackerui.c:2631:6:SampleIDEdit_ChangeLoopToggle	0	static
trackerui.c:2643:6:SampleIDEdit_ChangeRepeatTo	12	static
trackerui.c:2672:6:UpdateChannelToggles	16	static
trackerui.c:2741:6:UpdateChannelOffset	16	static
trackerui.c:2759:6:ConfigScreenUpdate	24	static
trackerui.c:2771:6:CloseConfigScreen	0	static
