game.c:1301:6:renderShipDeath.part.0	32	static
game.c:1112:6:CreateExplosions.constprop	56	static
game.c:170:6:initRock.constprop	48	static
game.c:72:6:newstar	8	static
game.c:78:6:init_starfield	8	static
game.c:170:6:initRock	56	static
game.c:268:6:doCheckShipToAsteroidHit	184	static
game.c:318:6:doShipLogic	0	static
game.c:368:6:fireFlame	24	static
game.c:395:6:renderFlames	32	static
game.c:417:6:turnShip	0	static
game.c:431:6:renderShip	56	static
game.c:489:5:testShipToShipCollision	248	static
game.c:569:5:testBulletToBonusCollision	136	static
game.c:618:6:renderShipLive	24	static
game.c:628:6:resetStarBurst	0	static
game.c:911:6:initMath	24	static
game.c:880:5:doGameOverScreen	96	static
game.c:971:5:renderStroids	72	static
game.c:1027:5:countStroids	0	static
game.c:1037:6:createBonus	16	static
game.c:1100:6:CreateBonusShipBullet	24	static
game.c:1112:6:CreateExplosions	64	static
game.c:1142:6:CreateShipDeath	32	static
game.c:1197:6:CreateStarBurst	48	static
game.c:1218:5:doBonusShipBullet	32	static
game.c:1246:6:doCheckBulletToAsteroid	40	static
game.c:1301:6:renderShipDeath	0	static
game.c:1327:6:renderBullets	32	static
game.c:1365:6:renderBonusShipLarge	32	static
game.c:1442:6:renderBonusShipBullet	32	static
game.c:1457:6:resetBonusShip	8	static
game.c:1464:6:shipThrust	24	static
game.c:634:5:doAsterGame	160	static
game.c:1481:5:getSpeedSX	0	static
game.c:1485:5:getSpeedSY	0	static
